---
source: backend/tests/rpc_snapshot.rs
expression: responses
---
[
  {
    "id": 1,
    "jsonrpc": "2.0",
    "result": {
      "bytes": 13,
      "content": "fn main() {}\n",
      "file": "/private/tmp/code.rs",
      "lines": 1,
      "projectRoot": "/private/tmp",
      "updatedAt": "<ts>"
    }
  },
  {
    "id": 2,
    "jsonrpc": "2.0",
    "result": {
      "counts": {
        "edges": 0,
        "embeddings": 0,
        "files": 0,
        "notes": 0
      },
      "ok": true,
      "path": "/tmp/snapshot.json"
    }
  },
  {
    "id": 3,
    "jsonrpc": "2.0",
    "result": {
      "counts": {
        "edges": 0,
        "embeddings": 0,
        "files": 0,
        "notes": 0
      },
      "ok": true
    }
  }
]
