---
source: backend/tests/rpc_snapshot.rs
expression: responses
---
[
  {
    "id": 1,
    "jsonrpc": "2.0",
    "result": {
      "column": 0,
      "createdAt": "<ts>",
      "displayDetail": "/tmp/test.rs:1",
      "displayLabel": "[Note] initial",
      "displayMarker": "<displayMarker>",
      "file": "/tmp/test.rs",
      "formattedCreatedAt": "<formatted_ts>",
      "formattedLines": [
        "// initial"
      ],
      "formattedUpdatedAt": "<formatted_ts>",
      "hoverText": "<hoverText>",
      "iconHint": "fresh",
      "id": "<id>",
      "line": 1,
      "projectRoot": "/tmp",
      "shortId": "<shortId>",
      "stale": false,
      "summary": "initial",
      "tags": [],
      "text": "initial",
      "updatedAt": "<ts>"
    }
  },
  {
    "id": 2,
    "jsonrpc": "2.0",
    "result": {
      "column": 0,
      "createdAt": "<ts>",
      "displayDetail": "/tmp/test.rs:1",
      "displayLabel": "[Note] updated",
      "displayMarker": "<displayMarker>",
      "file": "/tmp/test.rs",
      "formattedCreatedAt": "<formatted_ts>",
      "formattedLines": [
        "// updated"
      ],
      "formattedUpdatedAt": "<formatted_ts>",
      "hoverText": "<hoverText>",
      "iconHint": "fresh",
      "id": "<id>",
      "line": 1,
      "projectRoot": "/tmp",
      "shortId": "<shortId>",
      "stale": false,
      "summary": "updated",
      "tags": [],
      "text": "updated",
      "updatedAt": "<ts>"
    }
  },
  {
    "id": 3,
    "jsonrpc": "2.0",
    "result": {
      "ok": true
    }
  }
]
