---
source: backend/tests/rpc_snapshot.rs
expression: responses
---
[
  {
    "id": 1,
    "jsonrpc": "2.0",
    "result": {
      "bytes": 32,
      "content": "fn add(x: i32) -> i32 { x + 1 }\n",
      "file": "/tmp/foo.rs",
      "lines": 1,
      "projectRoot": "/tmp",
      "updatedAt": "<ts>"
    }
  },
  {
    "id": 2,
    "jsonrpc": "2.0",
    "result": [
      {
        "column": 3,
        "displayDetail": "/tmp/foo.rs:1",
        "displayLabel": "[File] foo.rs",
        "file": "/tmp/foo.rs",
        "kind": "file",
        "line": 1,
        "score": 1.0,
        "text": "fn add(x: i32) -> i32 { x + 1 }"
      }
    ]
  }
]
