---
source: backend/tests/rpc_snapshot.rs
expression: responses
---
[
  {
    "id": 1,
    "jsonrpc": "2.0",
    "result": {
      "indexed": 1,
      "ok": true,
      "projectRoot": "/tmp",
      "skipped": 0,
      "statusMessage": "Project indexed: 1 files",
      "truncated": false
    }
  },
  {
    "id": 2,
    "jsonrpc": "2.0",
    "result": [
      {
        "column": 3,
        "displayDetail": "/private/tmp/foo.rs:1",
        "displayLabel": "[File] foo.rs",
        "file": "/private/tmp/foo.rs",
        "kind": "file",
        "line": 1,
        "score": 1.0,
        "text": "fn foo() {}"
      }
    ]
  }
]
